[geraldtsang.wordpress.com/index.html]
[backblue.gif]
[fade.gif]
[index.html]
[geraldtsang.wordpress.com/xmlrpc0db0.php]
[geraldtsang.wordpress.com/feed/index.html]
[geraldtsang.wordpress.com/comments/feed/index.html]
[geraldtsang.wordpress.com/osd.xml]
[geraldtsang.files.wordpress.com/2017/02/cropped-logomakr_1f8cnt176ca.png]
[geraldtsang.files.wordpress.com/2017/02/cropped-logomakr_1f8cnt19939.png]
[geraldtsang.files.wordpress.com/2017/02/cropped-logomakr_1f8cnt1ad83.png]
[geraldtsang.files.wordpress.com/2017/02/its-a-vivid-lightfall40e5.jpg]
[geraldtsang.wordpress.com/about/index.html]
[geraldtsang.files.wordpress.com/2017/02/stairs-lights-abstract-bubbles140e5.jpg]
[geraldtsang.wordpress.com/contact/index.html]
[geraldtsang.wordpress.com/blog/index.html]
[geraldtsang.files.wordpress.com/2017/02/person-smartphone-office-table40e5.jpg]
[0.gravatar.com/js/gprofilesd732.js]
[s1.wp.com/wp-content/mu-plugins/gravatar-hovercards/wpgrohoc3b6.js]
[s0.wp.com/wp-content/mu-plugins/grunion-contact-form/css/grunion3601.css]
[geraldtsang.wordpress.com/wp-content/plugins/ie-sitemode/custom-jumplist.php]
[s.skimresources.com/js/725X1342.skimlinks.js]
[stats.wp.com/w9f61.js]
[pixel.wp.com/b0b80.gif]
[geraldtsang.wordpress.com/index.html]
[geraldtsang.wordpress.com/xmlrpc.php]
[geraldtsang.wordpress.com/about/index.html]
[geraldtsang.wordpress.com/contact/index.html]
[geraldtsang.files.wordpress.com/2017/02/cropped-photo-1444920275954-9dddec6b714e.jpg]
[geraldtsang.files.wordpress.com/2017/02/pexels-photo-30732f1c5.jpg]
[geraldtsang.wordpress.com/blog/index.html]
[geraldtsang.wordpress.com/2017/02/12/first-blog-post/index.html]
[pixel.wp.com/g9818.gif]
[0.gravatar.com/js/gprofilesd732.js]
[s1.wp.com/wp-content/mu-plugins/gravatar-hovercards/wpgrohoc3b6.js]
[s0.wp.com/wp-content/mu-plugins/grunion-contact-form/css/grunion3601.css]
[geraldtsang.wordpress.com/ABCDEFGHIJKLMNOPQRSTUVWXYZabcdefghijklmnopqrstuvwxyz0123456789+/index.html]
[geraldtsang.wordpress.com/author/gwebby19/index.html]
[pixel.wp.com/t.gif]
[stats.wp.com/w9f61.js]
[s1.wp.com/wp-content/mu-plugins/highlander-comments/style0196.css]
[geraldtsang.wordpress.com/2017/02/12/first-blog-post/feed/index.html]
[geraldtsang.wordpress.com/2017/02/12/first-blog-post/amp/index.html]
[geraldtsang.files.wordpress.com/2017/02/pexels-photo-3073240e5.jpg]
[geraldtsang.wordpress.com/2017/02/12/first-blog-post/index.html]
[geraldtsang.wordpress.com/author/gwebby19/index.html]
[s1.wp.com/wp-content/mu-plugins/akismet-3.0/_inc/formcd10.js]
[geraldtsang.wordpress.com/ABCDEFGHIJKLMNOPQRSTUVWXYZabcdefghijklmnopqrstuvwxyz0123456789+/index.html]
[geraldtsang.wordpress.com/g.html]
[geraldtsang.wordpress.com/c.html]
[s2.wp.com/_static/index1575.html]
[s1.wp.com/wp-content/mu-plugins/post-flair/sharing/images/icon-wordpress.png]
[geraldtsang.wordpress.com/author/gwebby19/feed/index.html]
[s1.wp.com/wp-content/mu-plugins/post-flair/sharing/images/icon-twitter.png]
[s1.wp.com/wp-content/mu-plugins/post-flair/sharing/images/icon-facebook.png]
[s1.wp.com/wp-content/mu-plugins/post-flair/sharing/images/googleplus1.png]
[s1.wp.com/wp-content/mu-plugins/post-flair/sharing/images/icon-wordpress-2x.png]
[s1.wp.com/wp-content/mu-plugins/post-flair/sharing/images/icon-twitter-2x.png]
[s1.wp.com/wp-content/mu-plugins/post-flair/sharing/images/icon-facebook-2x.png]
[s1.wp.com/wp-content/mu-plugins/post-flair/sharing/images/googleplus1@2x.png]
[s1.wp.com/wp-content/mu-plugins/highlander-comments/images/postto-buttons.png]
[s1.wp.com/wp-content/mu-plugins/highlander-comments/images/button-back.gif]
[s1.wp.com/wp-content/mu-plugins/highlander-comments/images/button-back-over.gif]
[s1.wp.com/wp-content/mu-plugins/highlander-comments/style0196.css]
[s1.wp.com/wp-content/mu-plugins/highlander-comments/images/loader.gif]
[geraldtsang.files.wordpress.com/2017/02/pexels-photo-30732bcc0.jpg]
[geraldtsang.files.wordpress.com/2017/02/pexels-photo-3073273d9.jpg]
[cdn.ampproject.org/v0.js]
[s2.wp.com/wp-content/plugins/amp/assets/images/placeholder-icon.png]
[pixel.wp.com/be0d6.gif]
[geraldtsang.wordpress.com/category/uncategorized/index.html]
[geraldtsang.wordpress.com/2017/02/12/first-blog-post/amp/index.html]
[pixel.wp.com/bb6a3.gif]
[s2.wp.com/_static/index1575.html]
[s1.wp.com/wp-content/mu-plugins/akismet-3.0/_inc/formcd10.js]
[geraldtsang.wordpress.com/category/uncategorized/index.html]
[geraldtsang.wordpress.com/category/uncategorized/feed/index.html]
